// Jest Snapshot v1, https://goo.gl/fbAQLP

exports[`Pruebas de CounterApp Se debe hacer el match con el componente CounterApp 1`] = `
<div>
  <h1>
    CounterApp
  </h1>
  <h2>
    100
  </h2>
  <button>
    + 1
  </button>
  <button>
    - 1
  </button>
  <button>
    Reset
  </button>
</div>
`;
