// Jest Snapshot v1, https://goo.gl/fbAQLP

exports[`Pruebas en <FirstApp />  Debe hacer match con el snapshot 1`] = `
<div>
  <div
    data-testid="test-title"
  >
    Hola, soy David
  </div>
  <h1
    data-testid="test-title"
  >
    Hola, soy David
  </h1>
  <p />
</div>
`;
